// Jest Snapshot v1, https://goo.gl/fbAQLP

exports[`Layout page Component test should render the PokemonDetail Component 1`] = `
<div
  class="container"
>
  <div
    class="row"
  >
    <div
      class="col-sm-12 col-md-6 offset-md-3"
    >
      <h1>
        ComicHub
      </h1>
    </div>
  </div>
  <div
    class="row"
  />
</div>
`;

exports[`Layout page Component test should render the PokemonList Component 1`] = `
<div
  class="container"
>
  <div
    class="row"
  >
    <div
      class="col-sm-12 col-md-6 offset-md-3"
    >
      <h1>
        ComicHub
      </h1>
    </div>
  </div>
  <div
    class="row"
  />
</div>
`;

exports[`Layout page Component test should render the component with default props 1`] = `
<div
  class="container"
>
  <div
    class="row"
  >
    <div
      class="col-sm-12 col-md-6 offset-md-3"
    >
      <h1>
        ComicHub
      </h1>
    </div>
  </div>
  <div
    class="row"
  />
</div>
`;
